W, [2026-10-07T20:17:11.905166 #18513]  WARN -- aikido: Zen has been disabled and will not run
{
  "database": "hellotext_help_inbox_task8_20261007",
  "messages": 55,
  "messageable_contacts": 0,
  "enabled_playbooks": 0,
  "active_workflows": 0,
  "connected_integrations": 0,
  "authorization_tokens": 0,
  "fixture_provider_connections": 0,
  "job_adapter": "ActiveJob::QueueAdapters::TestAdapter",
  "mail_deliveries": false,
  "owner_locale": "es",
  "error_fixtures": [
    [
      57,
      "error"
    ],
    [
      58,
      "error"
    ],
    [
      59,
      "error"
    ]
  ]
}
{"locale":"en","fixture_messages":2,"outbound_messages":0,"sends_executed":0}
